@main(input.0: int) {
  v1.0: int = const 1;
  index.0: int = id v1.0;
.for.cond.0:
  v2.0: int = id index.0;
  v4.0: bool = lt v2.0 input.0;
  br v4.0 .for.body.0 .for.end.0;
.for.body.0:
  v5.0: int = id index.0;
  v6.0: int = const 3;
  v7.0: int = div v5.0 v6.0;
  div3.0: int = id v7.0;
  v8.0: int = id div3.0;
  v9.0: int = const 3;
  v10.0: int = mul v8.0 v9.0;
  v11.0: int = id index.0;
  v12.0: bool = eq v10.0 v11.0;
  isFizz.0: bool = id v12.0;
  v13.0: int = id index.0;
  v14.0: int = const 5;
  v15.0: int = div v13.0 v14.0;
  div5.0: int = id v15.0;
  v16.0: int = id div5.0;
  v17.0: int = const 5;
  v18.0: int = mul v16.0 v17.0;
  v19.0: int = id index.0;
  v20.0: bool = eq v18.0 v19.0;
  isBuzz.0: bool = id v20.0;
  v22.0: bool = id isFizz.0;
  br v22.0 .then.21 .else.21;
.then.21:
  v24.0: bool = id isBuzz.0;
  br v24.0 .then.23 .else.23;
.then.23:
  v25.0: int = const 0;
  v26.0: int = const 1;
  v27.0: int = sub v25.0 v26.0;
  print v27.0;
  v28.0: int = const 0;
  jmp .endif.23;
.else.23:
  v29.0: int = const 0;
  v30.0: int = const 2;
  v31.0: int = sub v29.0 v30.0;
  print v31.0;
  v32.0: int = const 0;
.endif.23:
  jmp .endif.21;
.else.21:
  v34.0: bool = id isBuzz.0;
  br v34.0 .then.33 .else.33;
.then.33:
  v35.0: int = const 0;
  v36.0: int = const 3;
  v37.0: int = sub v35.0 v36.0;
  print v37.0;
  v38.0: int = const 0;
  jmp .endif.33;
.else.33:
  v39.0: int = id index.0;
  print v39.0;
  v40.0: int = const 0;
.endif.33:
.endif.21:
  v41.0: int = id index.0;
  v42.0: int = const 1;
  v43.0: int = add v41.0 v42.0;
  index.0: int = id v43.0;
  jmp .for.cond.0;
.for.end.0:
}
