@main(n.0.0: int, p.0.0: int) {
.main.b0:
  n.0.1: int = id n.0.0;
  p.0.1: int = id p.0.0;
.main.b1:
  v0.0.0: int = const 2;
  two.0.0: int = id v0.0.0;
  v1.0.0: int = id p.0.1;
  v2.0.0: int = id two.0.0;
  v3.0.0: int = sub v1.0.0 v2.0.0;
  m.0.0: int = id v3.0.0;
  v4.0.0: int = const 1;
  ans.0.0: int = id v4.0.0;
  v5.0.0: int = id n.0.1;
  a.0.0: int = id v5.0.0;
  v7.0.0: int = const 1;
  i.0.0: int = id v7.0.0;
.for.cond.6:
  v9.0.0: int = phi v9.0.1 .endif.11;
  v8.0.0: int = phi v8.0.1 .endif.11;
  v31.0.0: int = phi v31.0.1 .endif.11;
  v30.0.0: int = phi v30.0.1 .endif.11;
  v29.0.0: int = phi v29.0.1 .endif.11;
  v28.0.0: int = phi v28.0.1 .endif.11;
  v27.0.0: int = phi v27.0.1 .endif.11;
  v26.0.0: int = phi v26.0.1 .endif.11;
  v25.0.0: int = phi v25.0.1 .endif.11;
  v24.0.0: int = phi v24.0.1 .endif.11;
  v23.0.0: int = phi v23.0.2 .endif.11;
  v22.0.0: int = phi v22.0.2 .endif.11;
  v21.0.0: int = phi v21.0.2 .endif.11;
  v20.0.0: int = phi v20.0.2 .endif.11;
  v19.0.0: int = phi v19.0.2 .endif.11;
  v18.0.0: bool = phi v18.0.1 .endif.11;
  v17.0.0: int = phi v17.0.1 .endif.11;
  v16.0.0: int = phi v16.0.1 .endif.11;
  v15.0.0: int = phi v15.0.1 .endif.11;
  v14.0.0: int = phi v14.0.1 .endif.11;
  v13.0.0: int = phi v13.0.1 .endif.11;
  v12.0.0: int = phi v12.0.1 .endif.11;
  v10.0.0: bool = phi v10.0.1 .endif.11;
  m.0.1: int = phi m.0.0 m.0.2 .main.b1 .endif.11;
  ans.0.1: int = phi ans.0.0 ans.0.3 .main.b1 .endif.11;
  a.0.1: int = phi a.0.0 a.0.2 .main.b1 .endif.11;
  v8.0.1: int = id m.0.1;
  v9.0.1: int = const 0;
  v10.0.1: bool = gt v8.0.1 v9.0.1;
  br v10.0.1 .for.body.6 .for.end.6;
.for.body.6:
  v12.0.1: int = id m.0.1;
  v13.0.1: int = id m.0.1;
  v14.0.1: int = id two.0.0;
  v15.0.1: int = div v13.0.1 v14.0.1;
  v16.0.1: int = id two.0.0;
  v17.0.1: int = mul v15.0.1 v16.0.1;
  v18.0.1: bool = eq v12.0.1 v17.0.1;
  br v18.0.1 .then.11 .else.11;
.then.11:
  jmp .endif.11;
.else.11:
  v19.0.1: int = id ans.0.1;
  v20.0.1: int = id a.0.1;
  v21.0.1: int = mul v19.0.1 v20.0.1;
  v22.0.1: int = id p.0.1;
  v23.0.1: int = call @mod v21.0.1 v22.0.1;
  ans.0.2: int = id v23.0.1;
.endif.11:
  v23.0.2: int = phi v23.0.0 v23.0.1 .then.11 .else.11;
  v22.0.2: int = phi v22.0.0 v22.0.1 .then.11 .else.11;
  v21.0.2: int = phi v21.0.0 v21.0.1 .then.11 .else.11;
  v20.0.2: int = phi v20.0.0 v20.0.1 .then.11 .else.11;
  v19.0.2: int = phi v19.0.0 v19.0.1 .then.11 .else.11;
  ans.0.3: int = phi ans.0.1 ans.0.2 .then.11 .else.11;
  v24.0.1: int = id a.0.1;
  v25.0.1: int = id a.0.1;
  v26.0.1: int = mul v24.0.1 v25.0.1;
  v27.0.1: int = id p.0.1;
  v28.0.1: int = call @mod v26.0.1 v27.0.1;
  a.0.2: int = id v28.0.1;
  v29.0.1: int = id m.0.1;
  v30.0.1: int = id two.0.0;
  v31.0.1: int = div v29.0.1 v30.0.1;
  m.0.2: int = id v31.0.1;
  jmp .for.cond.6;
.for.end.6:
  v32.0.0: int = id ans.0.1;
  print v32.0.0;
  v33.0.0: int = const 0;
}
@mod(n.0.0: int, p.0.0: int): int {
.mod.b0:
  n.0.1: int = id n.0.0;
  p.0.1: int = id p.0.0;
.mod.b1:
  v0.0.0: int = id n.0.1;
  v1.0.0: int = id n.0.1;
  v2.0.0: int = id p.0.1;
  v3.0.0: int = div v1.0.0 v2.0.0;
  v4.0.0: int = id p.0.1;
  v5.0.0: int = mul v3.0.0 v4.0.0;
  v6.0.0: int = sub v0.0.0 v5.0.0;
  ret v6.0.0;
}
