@main {
.main.b0:
  v0.0.0: int = const 5;
  x.0.0: int = id v0.0.0;
  v1.0.0: int = id x.0.0;
  call @generateNthRow v1.0.0;
  v2.0.0: int = const 0;
}
@generateNthRow(x.0: int) {
.generateNthRow.b0:
  x.1: int = id x.0;
.generateNthRow.b1:
  v0.0.0: int = const 1;
  prev.0.0: int = id v0.0.0;
  v1.0.0: int = id prev.0.0;
  print v1.0.0;
  v2.0.0: int = const 0;
  v4.0.0: int = const 0;
  i.0.0: int = id v4.0.0;
.for.cond.3:
  v9.0.0: int = phi v9.0.1 .for.body.3;
  v8.0.0: int = phi v8.0.1 .for.body.3;
  v7.0.0: bool = phi v7.0.1 .for.body.3;
  v6.0.0: int = phi v6.0.1 .for.body.3;
  v5.0.0: int = phi v5.0.1 .for.body.3;
  v22.0.0: int = phi v22.0.1 .for.body.3;
  v21.0.0: int = phi v21.0.1 .for.body.3;
  v20.0.0: int = phi v20.0.1 .for.body.3;
  v19.0.0: int = phi v19.0.1 .for.body.3;
  v18.0.0: int = phi v18.0.1 .for.body.3;
  v17.0.0: int = phi v17.0.1 .for.body.3;
  v16.0.0: int = phi v16.0.1 .for.body.3;
  v15.0.0: int = phi v15.0.1 .for.body.3;
  v14.0.0: int = phi v14.0.1 .for.body.3;
  v13.0.0: int = phi v13.0.1 .for.body.3;
  v12.0.0: int = phi v12.0.1 .for.body.3;
  v11.0.0: int = phi v11.0.1 .for.body.3;
  v10.0.0: int = phi v10.0.1 .for.body.3;
  temp.0.0: int = phi temp.0.2 .for.body.3;
  prev.0.1: int = phi prev.0.0 prev.0.2 .generateNthRow.b1 .for.body.3;
  i.0.1: int = phi i.0.0 i.0.2 .generateNthRow.b1 .for.body.3;
  curr.0.0: int = phi curr.0.1 .for.body.3;
  v5.0.1: int = id i.0.1;
  v6.0.1: int = id x.0;
  v7.0.1: bool = lt v5.0.1 v6.0.1;
  br v7.0.1 .for.body.3 .for.end.3;
.for.body.3:
  v8.0.1: int = id x.0;
  v9.0.1: int = id i.0.1;
  v10.0.1: int = sub v8.0.1 v9.0.1;
  temp.0.1: int = id v10.0.1;
  v11.0.1: int = id temp.0.1;
  v12.0.1: int = const 1;
  v13.0.1: int = add v11.0.1 v12.0.1;
  temp.0.2: int = id v13.0.1;
  v14.0.1: int = id prev.0.1;
  v15.0.1: int = id temp.0.2;
  v16.0.1: int = mul v14.0.1 v15.0.1;
  curr.0.1: int = id v16.0.1;
  v17.0.1: int = id curr.0.1;
  print v17.0.1;
  v18.0.1: int = const 0;
  v19.0.1: int = id curr.0.1;
  prev.0.2: int = id v19.0.1;
  v20.0.1: int = id i.0.1;
  v21.0.1: int = const 1;
  v22.0.1: int = add v20.0.1 v21.0.1;
  i.0.2: int = id v22.0.1;
  jmp .for.cond.3;
.for.end.3:
}
