@sumOfSquares(n.0: int): int {
  v0.0: int = const 0;
  res.0: int = id v0.0;
  v2.0: int = const 1;
  i.0: int = id v2.0;
.for.cond.1:
  v3.0: int = id i.0;
  v4.0: int = id n.0;
  v5.0: bool = le v3.0 v4.0;
  br v5.0 .for.body.1 .for.end.1;
.for.body.1:
  v6.0: int = id i.0;
  v7.0: int = id i.0;
  v8.0: int = mul v6.0 v7.0;
  sq.0: int = id v8.0;
  v9.0: int = id res.0;
  v10.0: int = id sq.0;
  v11.0: int = add v9.0 v10.0;
  res.0: int = id v11.0;
  v12.0: int = id i.0;
  v13.0: int = const 1;
  v14.0: int = add v12.0 v13.0;
  i.0: int = id v14.0;
  jmp .for.cond.1;
.for.end.1:
  v15.0: int = id res.0;
  ret v15.0;
}
@squareOfSum(n.0: int): int {
  v0.0: int = const 0;
  res.0: int = id v0.0;
  v2.0: int = const 1;
  i.0: int = id v2.0;
.for.cond.1:
  v3.0: int = id i.0;
  v4.0: int = id n.0;
  v5.0: bool = le v3.0 v4.0;
  br v5.0 .for.body.1 .for.end.1;
.for.body.1:
  v6.0: int = id res.0;
  v7.0: int = id i.0;
  v8.0: int = add v6.0 v7.0;
  res.0: int = id v8.0;
  v9.0: int = id i.0;
  v10.0: int = const 1;
  v11.0: int = add v9.0 v10.0;
  i.0: int = id v11.0;
  jmp .for.cond.1;
.for.end.1:
  v12.0: int = id res.0;
  v13.0: int = id res.0;
  v14.0: int = mul v12.0 v13.0;
  square.0: int = id v14.0;
  v15.0: int = id square.0;
  ret v15.0;
}
@main(n.0: int) {
  v0.0: int = id n.0;
  sum.0: int = call @sumOfSquares v0.0;
  sum.0: int = id sum.0;
  v1.0: int = id n.0;
  square.0: int = call @squareOfSum v1.0;
  square.0: int = id square.0;
  v2.0: int = id square.0;
  v3.0: int = id sum.0;
  v4.0: int = sub v2.0 v3.0;
  diff.0: int = id v4.0;
  v5.0: int = id diff.0;
  print v5.0;
  v6.0: int = const 0;
  v7.0: int = id diff.0;
}
