@main(arg1: int, arg2: int) {
  a.0: int = const 4;
  b.0: int = const 3;
  constant_fold2.0: bool = eq a.0 b.0;
  constant_fold3.0: bool = le a.0 b.0;
  constant_fold4.0: bool = lt b.0 a.0;
  constant_fold5.0: bool = gt b.0 a.0;
  constant_fold6.0: bool = ge b.0 a.0;
  should_fold1.0: bool = eq arg1.0 arg1.0;
  should_fold2.0: bool = le arg1.0 arg1.0;
  should_fold3.0: bool = ge arg1.0 arg1.0;
  no_fold1.0: bool = eq arg1.0 arg2.0;
  no_fold2.0: bool = le arg1.0 arg2.0;
  no_fold3.0: bool = ge arg1.0 arg2.0;
  no_fold4.0: bool = lt arg1.0 arg1.0;
  no_fold5.0: bool = gt arg2.0 arg2.0;
}
