@main {
  v0.0: float = const 0.0;
  v1.0: float = const -0.0;
  res.0: bool = feq v0.0 v1.0;
  print v0.0;
  print v1.0;
  print res.0;
}
