And(And(a.1 == a.0, b.1 == b.0),
    And(And(c.0.0 == a.0 + b.0), True))
