@main(a.0: int) {
.main.b0:
  a.1: int = id a.0;
.main.b1:
  b.0.0: int = print a.0;
}
