@main {
  a.0: bool = const true;
  a.0: int = const 4;
}
