@main {
  v.0: int = const 2;
  call @print4;
  print v.0;
}
@print4 {
  v.0: int = const 4;
  print v.0;
  ret;
}
