@main {
.main.b0:
  call @print4;
}
@print4 {
.print4.b0:
  v.0.0: int = const 4;
  ret v.0.0;
}
