@main {
.main.b0:
  v.0.0: int = const 1;
  max.0.0: int = const 1000000;
  count.0.0: int = const 0;
.lbl:
  p.0.0: ptr<int> = phi p.0.1 .lbl;
  loop.0.0: bool = phi loop.0.1 .lbl;
  count.0.1: int = phi count.0.0 count.0.2 .main.b0 .lbl;
  count.0.2: int = add count.0.1 v.0.0;
  p.0.1: ptr<int> = alloc v.0.0;
  free p.0.1;
  loop.0.1: bool = ge count.0.2 max.0.0;
  br loop.0.1 .end .lbl;
.end:
  print count.0.2;
}
