@main {
  a.0: int = const 100;
  a.0: int = const 42;
  print a.0;
}
