@main {
.main.b0:
  a.0.0: int = const 100;
  a.0.1: int = const 42;
  print a.0.1;
}
