@add5(n.0.0: int): int {
.add5.b0:
  n.0.1: int = id n.0.0;
.add5.b1:
  five.0.0: int = const 5;
  sum.0.0: int = add n.0.1 five.0.0;
  ret sum.0.0;
}
@main {
.main.b0:
  a.0.0: int = const 9;
  b.0.0: int = call @add5 a.0.0;
  print b.0.0;
}
