And(And(a.0.0 == 0,
        b.0.0 == (a.0.0 == a.0.0),
        c.0.0 == (a.0.0 <= a.0.0)),
    BRIL.RETURN.0 == nil)
