@main(n.0: float) {
  v0.0: float = id n.0;
  e.0: float = call @taylor_series_euler v0.0;
  e.0: float = id e.0;
  v1.0: float = id e.0;
  print v1.0;
  v2.0: int = const 0;
}
@factorial(n.0: float): float {
  v1.0: float = id n.0;
  v2.0: float = const 1;
  v3.0: bool = fle v1.0 v2.0;
  br v3.0 .then.0 .else.0;
.then.0:
  v4.0: float = const 1;
  ret v4.0;
  jmp .endif.0;
.else.0:
.endif.0:
  v5.0: float = id n.0;
  v6.0: float = const 1;
  v7.0: float = fsub v5.0 v6.0;
  v8.0: float = call @factorial v7.0;
  v9.0: float = id n.0;
  v10.0: float = fmul v8.0 v9.0;
  ret v10.0;
}
@taylor_series_euler(n.0: float): float {
  v0.0: float = const 0;
  e.0: float = id v0.0;
  v2.0: float = const 0;
  i.0: float = id v2.0;
.for.cond.1:
  v3.0: float = id i.0;
  v4.0: float = id n.0;
  v5.0: bool = flt v3.0 v4.0;
  br v5.0 .for.body.1 .for.end.1;
.for.body.1:
  v6.0: float = const 1;
  v7.0: float = id i.0;
  v8.0: float = call @factorial v7.0;
  v9.0: float = fdiv v6.0 v8.0;
  v10.0: float = id e.0;
  v11.0: float = fadd v9.0 v10.0;
  e.0: float = id v11.0;
  v12.0: float = id i.0;
  v13.0: float = const 1;
  v14.0: float = fadd v12.0 v13.0;
  i.0: float = id v14.0;
  jmp .for.cond.1;
.for.end.1:
  v15.0: float = id e.0;
  ret v15.0;
}
