@main {
.main.b0:
  v12.0.0: int = const 1;
  space.0.0: int = id v12.0.0;
  v13.0.0: int = const 8;
  value.0.0: int = id v13.0.0;
  v14.0.0: float = const 0;
  v15.0.0: float = const 1;
  v16.0.0: float = fsub v14.0.0 v15.0.0;
  neg_1.0.0: float = id v16.0.0;
  v17.0.0: float = const 0;
  v18.0.0: float = const 2;
  v19.0.0: float = fsub v17.0.0 v18.0.0;
  neg_2.0.0: float = id v19.0.0;
  v21.0.0: float = const 1;
  j.0.0: float = id v21.0.0;
.for.cond.20:
  x.0.0: int = phi x.0.1 .for.end.27;
  v61.0.0: float = phi v61.0.1 .for.end.27;
  v60.0.0: float = phi v60.0.1 .for.end.27;
  v59.0.0: float = phi v59.0.1 .for.end.27;
  v58.0.0: int = phi v58.0.1 .for.end.27;
  v57.0.0: int = phi v57.0.1 .for.end.27;
  v56.0.0: float = phi v56.0.1 .for.end.27;
  v55.0.0: float = phi v55.0.1 .for.end.27;
  v54.0.0: float = phi v54.0.1 .for.end.27;
  v53.0.0: int = phi v53.0.1 .for.end.27;
  v52.0.0: int = phi v52.0.1 .for.end.27;
  v51.0.0: int = phi v51.0.1 .for.end.27;
  v50.0.0: int = phi v50.0.1 .for.end.27;
  v49.0.0: int = phi v49.0.1 .for.end.27;
  v48.0.0: int = phi v48.0.1 .for.end.27;
  v47.0.0: int = phi v47.0.1 .for.end.27;
  v46.0.0: int = phi v46.0.1 .for.end.27;
  v45.0.0: int = phi v45.0.1 .for.end.27;
  v44.0.0: int = phi v44.0.1 .for.end.27;
  v43.0.0: int = phi v43.0.1 .for.end.27;
  v42.0.0: int = phi v42.0.1 .for.end.27;
  v41.0.0: int = phi v41.0.1 .for.end.27;
  v40.0.0: bool = phi v40.0.1 .for.end.27;
  v39.0.0: int = phi v39.0.1 .for.end.27;
  v38.0.0: int = phi v38.0.1 .for.end.27;
  v36.0.0: int = phi v36.0.1 .for.end.27;
  v35.0.0: float = phi v35.0.1 .for.end.27;
  v34.0.0: float = phi v34.0.1 .for.end.27;
  v33.0.0: float = phi v33.0.1 .for.end.27;
  v32.0.0: float = phi v32.0.1 .for.end.27;
  v31.0.0: bool = phi v31.0.2 .for.end.27;
  v30.0.0: float = phi v30.0.2 .for.end.27;
  v29.0.0: float = phi v29.0.2 .for.end.27;
  v28.0.0: float = phi v28.0.1 .for.end.27;
  v26.0.0: int = phi v26.0.1 .for.end.27;
  v25.0.0: int = phi v25.0.1 .for.end.27;
  v24.0.0: bool = phi v24.0.1 .for.end.27;
  v23.0.0: float = phi v23.0.1 .for.end.27;
  v22.0.0: float = phi v22.0.1 .for.end.27;
  v.0.0: int = phi v.0.1 .for.end.27;
  num.0.0: int = phi num.0.2 .for.end.27;
  j.0.1: float = phi j.0.0 j.0.2 .main.b0 .for.end.27;
  i.0.0: float = phi i.0.2 .for.end.27;
  cnt.0.0: int = phi cnt.0.2 .for.end.27;
  v22.0.1: float = id j.0.1;
  v23.0.1: float = id neg_1.0.0;
  v24.0.1: bool = fge v22.0.1 v23.0.1;
  br v24.0.1 .for.body.20 .for.end.20;
.for.body.20:
  v25.0.1: int = const 0;
  num.0.1: int = id v25.0.1;
  v26.0.1: int = const 0;
  cnt.0.1: int = id v26.0.1;
  v28.0.1: float = id neg_2.0.0;
  i.0.1: float = id v28.0.1;
.for.cond.27:
  x.0.1: int = phi x.0.0 x.0.3 .for.body.20 .endif.37;
  v56.0.1: float = phi v56.0.0 v56.0.2 .for.body.20 .endif.37;
  v55.0.1: float = phi v55.0.0 v55.0.2 .for.body.20 .endif.37;
  v54.0.1: float = phi v54.0.0 v54.0.2 .for.body.20 .endif.37;
  v53.0.1: int = phi v53.0.0 v53.0.2 .for.body.20 .endif.37;
  v52.0.1: int = phi v52.0.0 v52.0.2 .for.body.20 .endif.37;
  v51.0.1: int = phi v51.0.0 v51.0.2 .for.body.20 .endif.37;
  v50.0.1: int = phi v50.0.0 v50.0.3 .for.body.20 .endif.37;
  v49.0.1: int = phi v49.0.0 v49.0.3 .for.body.20 .endif.37;
  v48.0.1: int = phi v48.0.0 v48.0.3 .for.body.20 .endif.37;
  v47.0.1: int = phi v47.0.0 v47.0.3 .for.body.20 .endif.37;
  v46.0.1: int = phi v46.0.0 v46.0.3 .for.body.20 .endif.37;
  v45.0.1: int = phi v45.0.0 v45.0.3 .for.body.20 .endif.37;
  v44.0.1: int = phi v44.0.0 v44.0.3 .for.body.20 .endif.37;
  v43.0.1: int = phi v43.0.0 v43.0.3 .for.body.20 .endif.37;
  v42.0.1: int = phi v42.0.0 v42.0.3 .for.body.20 .endif.37;
  v41.0.1: int = phi v41.0.0 v41.0.3 .for.body.20 .endif.37;
  v40.0.1: bool = phi v40.0.0 v40.0.2 .for.body.20 .endif.37;
  v39.0.1: int = phi v39.0.0 v39.0.2 .for.body.20 .endif.37;
  v38.0.1: int = phi v38.0.0 v38.0.2 .for.body.20 .endif.37;
  v36.0.1: int = phi v36.0.0 v36.0.2 .for.body.20 .endif.37;
  v35.0.1: float = phi v35.0.0 v35.0.2 .for.body.20 .endif.37;
  v34.0.1: float = phi v34.0.0 v34.0.2 .for.body.20 .endif.37;
  v33.0.1: float = phi v33.0.0 v33.0.2 .for.body.20 .endif.37;
  v32.0.1: float = phi v32.0.0 v32.0.2 .for.body.20 .endif.37;
  v31.0.1: bool = phi v31.0.0 v31.0.2 .for.body.20 .endif.37;
  v30.0.1: float = phi v30.0.0 v30.0.2 .for.body.20 .endif.37;
  v29.0.1: float = phi v29.0.0 v29.0.2 .for.body.20 .endif.37;
  v.0.1: int = phi v.0.0 v.0.6 .for.body.20 .endif.37;
  num.0.2: int = phi num.0.1 num.0.5 .for.body.20 .endif.37;
  i.0.2: float = phi i.0.1 i.0.3 .for.body.20 .endif.37;
  cnt.0.2: int = phi cnt.0.1 cnt.0.3 .for.body.20 .endif.37;
  v29.0.2: float = id i.0.2;
  v30.0.2: float = const 0.5;
  v31.0.2: bool = fle v29.0.2 v30.0.2;
  br v31.0.2 .for.body.27 .for.end.27;
.for.body.27:
  v32.0.2: float = id i.0.2;
  v33.0.2: float = id j.0.1;
  v34.0.2: float = const 0;
  v35.0.2: float = const 0;
  v36.0.2: int = const 0;
  x.0.2: int = call @f v32.0.2 v33.0.2 v34.0.2 v35.0.2 v36.0.2;
  x.0.3: int = id x.0.2;
  v38.0.2: int = id x.0.3;
  v39.0.2: int = const 50;
  v40.0.2: bool = lt v38.0.2 v39.0.2;
  br v40.0.2 .then.37 .else.37;
.then.37:
  v41.0.2: int = id space.0.0;
  v42.0.2: int = id cnt.0.2;
  v.0.2: int = call @pow10 v41.0.2 v42.0.2;
  v.0.3: int = id v.0.2;
  v43.0.2: int = id num.0.2;
  v44.0.2: int = id v.0.3;
  v45.0.2: int = add v43.0.2 v44.0.2;
  num.0.3: int = id v45.0.2;
  jmp .endif.37;
.else.37:
  v46.0.2: int = id value.0.0;
  v47.0.2: int = id cnt.0.2;
  v.0.4: int = call @pow10 v46.0.2 v47.0.2;
  v.0.5: int = id v.0.4;
  v48.0.2: int = id num.0.2;
  v49.0.2: int = id v.0.5;
  v50.0.2: int = add v48.0.2 v49.0.2;
  num.0.4: int = id v50.0.2;
.endif.37:
  v50.0.3: int = phi v50.0.1 v50.0.2 .then.37 .else.37;
  v49.0.3: int = phi v49.0.1 v49.0.2 .then.37 .else.37;
  v48.0.3: int = phi v48.0.1 v48.0.2 .then.37 .else.37;
  v47.0.3: int = phi v47.0.1 v47.0.2 .then.37 .else.37;
  v46.0.3: int = phi v46.0.1 v46.0.2 .then.37 .else.37;
  v45.0.3: int = phi v45.0.2 v45.0.1 .then.37 .else.37;
  v44.0.3: int = phi v44.0.2 v44.0.1 .then.37 .else.37;
  v43.0.3: int = phi v43.0.2 v43.0.1 .then.37 .else.37;
  v42.0.3: int = phi v42.0.2 v42.0.1 .then.37 .else.37;
  v41.0.3: int = phi v41.0.2 v41.0.1 .then.37 .else.37;
  v.0.6: int = phi v.0.3 v.0.5 .then.37 .else.37;
  num.0.5: int = phi num.0.3 num.0.4 .then.37 .else.37;
  v51.0.2: int = id cnt.0.2;
  v52.0.2: int = const 1;
  v53.0.2: int = add v51.0.2 v52.0.2;
  cnt.0.3: int = id v53.0.2;
  v54.0.2: float = id i.0.2;
  v55.0.2: float = const 0.225;
  v56.0.2: float = fadd v54.0.2 v55.0.2;
  i.0.3: float = id v56.0.2;
  jmp .for.cond.27;
.for.end.27:
  v57.0.1: int = id num.0.2;
  print v57.0.1;
  v58.0.1: int = const 0;
  v59.0.1: float = id j.0.1;
  v60.0.1: float = const 0.015;
  v61.0.1: float = fsub v59.0.1 v60.0.1;
  j.0.2: float = id v61.0.1;
  jmp .for.cond.20;
.for.end.20:
}
@f(X.0.0: float, Y.0.0: float, x.0.0: float, y.0.0: float, n.0.0: int): int {
.f.b0:
  X.0.1: float = id X.0.0;
  Y.0.1: float = id Y.0.0;
  x.0.1: float = id x.0.0;
  y.0.1: float = id y.0.0;
  n.0.1: int = id n.0.0;
.f.b1:
  v0.0.0: float = id x.0.1;
  v1.0.0: float = id x.0.1;
  v2.0.0: float = fmul v0.0.0 v1.0.0;
  v3.0.0: float = id y.0.1;
  v4.0.0: float = id y.0.1;
  v5.0.0: float = fmul v3.0.0 v4.0.0;
  v6.0.0: float = fadd v2.0.0 v5.0.0;
  r.0.0: float = id v6.0.0;
  v8.0.0: float = id r.0.0;
  v9.0.0: float = const 4;
  v10.0.0: bool = flt v8.0.0 v9.0.0;
  br v10.0.0 .then.7 .else.7;
.then.7:
  v12.0.1: int = id n.0.1;
  v13.0.1: int = const 100;
  v14.0.1: bool = lt v12.0.1 v13.0.1;
  br v14.0.1 .then.11 .else.11;
.then.11:
  v15.0.1: float = id x.0.1;
  v16.0.1: float = id x.0.1;
  v17.0.1: float = fmul v15.0.1 v16.0.1;
  v18.0.1: float = id y.0.1;
  v19.0.1: float = id y.0.1;
  v20.0.1: float = fmul v18.0.1 v19.0.1;
  v21.0.1: float = fsub v17.0.1 v20.0.1;
  v22.0.1: float = id X.0.1;
  v23.0.1: float = fadd v21.0.1 v22.0.1;
  x2.0.1: float = id v23.0.1;
  v24.0.1: float = const 2;
  v25.0.1: float = id x.0.1;
  v26.0.1: float = fmul v24.0.1 v25.0.1;
  v27.0.1: float = id y.0.1;
  v28.0.1: float = fmul v26.0.1 v27.0.1;
  v29.0.1: float = id Y.0.1;
  v30.0.1: float = fadd v28.0.1 v29.0.1;
  y2.0.1: float = id v30.0.1;
  v31.0.1: int = const 1;
  v32.0.1: float = id X.0.1;
  v33.0.1: float = id Y.0.1;
  v34.0.1: float = id x2.0.1;
  v35.0.1: float = id y2.0.1;
  v36.0.1: int = id n.0.1;
  v37.0.1: int = const 1;
  v38.0.1: int = add v36.0.1 v37.0.1;
  v39.0.1: int = call @f v32.0.1 v33.0.1 v34.0.1 v35.0.1 v38.0.1;
  v40.0.1: int = add v31.0.1 v39.0.1;
  fv.0.1: int = id v40.0.1;
  v41.0.1: int = id fv.0.1;
  ret v41.0.1;
.f.b2:
  jmp .endif.11;
.else.11:
.endif.11:
  y2.0.2: float = phi;
  x2.0.2: float = phi;
  v42.0.2: int = phi;
  v41.0.2: int = phi;
  v40.0.2: int = phi;
  v39.0.2: int = phi;
  v38.0.2: int = phi;
  v37.0.2: int = phi;
  v36.0.2: int = phi;
  v35.0.2: float = phi;
  v34.0.2: float = phi;
  v33.0.2: float = phi;
  v32.0.2: float = phi;
  v31.0.2: int = phi;
  v30.0.2: float = phi;
  v29.0.2: float = phi;
  v28.0.2: float = phi;
  v27.0.2: float = phi;
  v26.0.2: float = phi;
  v25.0.2: float = phi;
  v24.0.2: float = phi;
  v23.0.2: float = phi;
  v22.0.2: float = phi;
  v21.0.2: float = phi;
  v20.0.2: float = phi;
  v19.0.2: float = phi;
  v18.0.2: float = phi;
  v17.0.2: float = phi;
  v16.0.2: float = phi;
  v15.0.2: float = phi;
  v14.0.2: bool = phi v14.0.1 .else.11;
  v13.0.2: int = phi v13.0.1 .else.11;
  v12.0.2: int = phi v12.0.1 .else.11;
  fv.0.2: int = phi;
  jmp .endif.7;
.else.7:
.endif.7:
  y2.0.0: float = phi y2.0.2 .endif.11;
  x2.0.0: float = phi x2.0.2 .endif.11;
  v42.0.0: int = phi v42.0.2 .endif.11;
  v41.0.0: int = phi v41.0.2 .endif.11;
  v40.0.0: int = phi v40.0.2 .endif.11;
  v39.0.0: int = phi v39.0.2 .endif.11;
  v38.0.0: int = phi v38.0.2 .endif.11;
  v37.0.0: int = phi v37.0.2 .endif.11;
  v36.0.0: int = phi v36.0.2 .endif.11;
  v35.0.0: float = phi v35.0.2 .endif.11;
  v34.0.0: float = phi v34.0.2 .endif.11;
  v33.0.0: float = phi v33.0.2 .endif.11;
  v32.0.0: float = phi v32.0.2 .endif.11;
  v31.0.0: int = phi v31.0.2 .endif.11;
  v30.0.0: float = phi v30.0.2 .endif.11;
  v29.0.0: float = phi v29.0.2 .endif.11;
  v28.0.0: float = phi v28.0.2 .endif.11;
  v27.0.0: float = phi v27.0.2 .endif.11;
  v26.0.0: float = phi v26.0.2 .endif.11;
  v25.0.0: float = phi v25.0.2 .endif.11;
  v24.0.0: float = phi v24.0.2 .endif.11;
  v23.0.0: float = phi v23.0.2 .endif.11;
  v22.0.0: float = phi v22.0.2 .endif.11;
  v21.0.0: float = phi v21.0.2 .endif.11;
  v20.0.0: float = phi v20.0.2 .endif.11;
  v19.0.0: float = phi v19.0.2 .endif.11;
  v18.0.0: float = phi v18.0.2 .endif.11;
  v17.0.0: float = phi v17.0.2 .endif.11;
  v16.0.0: float = phi v16.0.2 .endif.11;
  v15.0.0: float = phi v15.0.2 .endif.11;
  v14.0.0: bool = phi v14.0.2 .endif.11;
  v13.0.0: int = phi v13.0.2 .endif.11;
  v12.0.0: int = phi v12.0.2 .endif.11;
  fv.0.0: int = phi fv.0.2 .endif.11;
  v42.0.1: int = const 0;
  ret v42.0.1;
}
@pow10(n.0.0: int, e.0.0: int): int {
.pow10.b0:
  n.0.1: int = id n.0.0;
  e.0.1: int = id e.0.0;
.pow10.b1:
  v1.0.0: int = id e.0.1;
  i.0.0: int = id v1.0.0;
.for.cond.0:
  v9.0.0: int = phi v9.0.1 .for.body.0;
  v8.0.0: int = phi v8.0.1 .for.body.0;
  v7.0.0: int = phi v7.0.1 .for.body.0;
  v6.0.0: int = phi v6.0.1 .for.body.0;
  v5.0.0: int = phi v5.0.1 .for.body.0;
  v4.0.0: bool = phi v4.0.1 .for.body.0;
  v3.0.0: int = phi v3.0.1 .for.body.0;
  v2.0.0: int = phi v2.0.1 .for.body.0;
  v10.0.0: int = phi v10.0.1 .for.body.0;
  n.0.2: int = phi n.0.1 n.0.3 .pow10.b1 .for.body.0;
  i.0.1: int = phi i.0.0 i.0.2 .pow10.b1 .for.body.0;
  v2.0.1: int = id i.0.1;
  v3.0.1: int = const 0;
  v4.0.1: bool = gt v2.0.1 v3.0.1;
  br v4.0.1 .for.body.0 .for.end.0;
.for.body.0:
  v5.0.1: int = id n.0.2;
  v6.0.1: int = const 10;
  v7.0.1: int = mul v5.0.1 v6.0.1;
  n.0.3: int = id v7.0.1;
  v8.0.1: int = id i.0.1;
  v9.0.1: int = const 1;
  v10.0.1: int = sub v8.0.1 v9.0.1;
  i.0.2: int = id v10.0.1;
  jmp .for.cond.0;
.for.end.0:
  v11.0.0: int = id n.0.2;
  ret v11.0.0;
}
