@main(a.0.0: int, b.0.0: int, c.0.0: int): int {
.main.b0:
  a.0.1: int = id a.0.0;
  b.0.1: int = id b.0.0;
  c.0.1: int = id c.0.0;
.main.b1:
  x1.0.0: int = mul a.0.1 b.0.1;
  x2.0.0: int = mul a.0.1 c.0.1;
  x3.0.0: int = add x1.0.0 x2.0.0;
  ret x3.0.0;
}
