@main {
  c1.0: char = const 'A';
  c2.0: char = const '𝛀';
  i1.0: int = const 65;
  i2.0: int = const 120512;
  c3.0: char = int2char i1.0;
  i3.0: int = char2int c1.0;
  c4.0: char = int2char i2.0;
  i4.0: int = char2int c2.0;
  print c3.0 i3.0 c4.0 i4.0;
}
