@main(x: int): int {
  one: int = const 1;
  ret one;
  x: int = add x one;
  x: int = add x one;
  x: int = add x one;
  x: int = add x one;
  x: int = div x one;
}
